---
source: merkle_tree/tests/serialization_snapshot.rs
expression: commitment
---
MERKLE_COMM~71a1_-aO7uUdVkSFeUkNs8PrJnQHflSXnaIGsbwUtOgEAAAAAAAAAAEAAAAAAAAAkA
