---
source: merkle_tree/tests/serialization_snapshot.rs
expression: commitment
---
"MERKLE_COMM~fHmxmi7IPV_oTze5Xgay26BfUK96X6dWHhvvuwkiYW4DAAAAAAAAAAgAAAAAAAAAPA"
